[INFO] Scanning for projects...
[INFO] 
[INFO] --------------------< com.codingx:codingx-backend >---------------------
[INFO] Building CodingX Backend 0.1.0-SNAPSHOT
[INFO]   from pom.xml
[INFO] --------------------------------[ jar ]---------------------------------
[INFO] 
[INFO] >>> spring-boot-maven-plugin:3.4.5:run (default-cli) > test-compile @ codingx-backend >>>
[INFO] 
[INFO] --- maven-resources-plugin:3.3.1:resources (default-resources) @ codingx-backend ---
[INFO] Copying 1 resource from src\main\resources to target\classes
[INFO] Copying 11 resources from src\main\resources to target\classes
[INFO] 
[INFO] --- maven-compiler-plugin:3.13.0:compile (default-compile) @ codingx-backend ---
[INFO] Recompiling the module because of changed source code.
[INFO] Compiling 217 source files with javac [debug parameters release 21] to target\classes
[INFO] 由于在类路径中发现了一个或多个处理程序，因此启用了
  批注处理。未来发行版的 javac 可能会禁用批注处理，
  除非至少按名称指定了一个处理程序 (-processor)，
  或指定了搜索路径 (--processor-path, --processor-module-path)，
  或显式启用了批注处理 (-proc:only, -proc:full)。
  可使用 -Xlint:-options 隐藏此消息。
  可使用 -proc:none 禁用批注处理。
[INFO] /D:/code/CodingX/backend/src/main/java/com/codingx/config/MybatisPlusConfig.java: D:\code\CodingX\backend\src\main\java\com\codingx\config\MybatisPlusConfig.java使用或覆盖了已过时的 API。
[INFO] /D:/code/CodingX/backend/src/main/java/com/codingx/config/MybatisPlusConfig.java: 有关详细信息, 请使用 -Xlint:deprecation 重新编译。
[INFO] 
[INFO] --- maven-resources-plugin:3.3.1:testResources (default-testResources) @ codingx-backend ---
[INFO] skip non existing resourceDirectory D:\code\CodingX\backend\src\test\resources
[INFO] 
[INFO] --- maven-compiler-plugin:3.13.0:testCompile (default-testCompile) @ codingx-backend ---
[INFO] Recompiling the module because of changed dependency.
[INFO] Compiling 56 source files with javac [debug parameters release 21] to target\test-classes
[INFO] 由于在类路径中发现了一个或多个处理程序，因此启用了
  批注处理。未来发行版的 javac 可能会禁用批注处理，
  除非至少按名称指定了一个处理程序 (-processor)，
  或指定了搜索路径 (--processor-path, --processor-module-path)，
  或显式启用了批注处理 (-proc:only, -proc:full)。
  可使用 -Xlint:-options 隐藏此消息。
  可使用 -proc:none 禁用批注处理。
[INFO] 
[INFO] <<< spring-boot-maven-plugin:3.4.5:run (default-cli) < test-compile @ codingx-backend <<<
[INFO] 
[INFO] 
[INFO] --- spring-boot-maven-plugin:3.4.5:run (default-cli) @ codingx-backend ---
[INFO] Attaching agents: []

  .   ____          _            __ _ _
 /\\ / ___'_ __ _ _(_)_ __  __ _ \ \ \ \
( ( )\___ | '_ | '_| | '_ \/ _` | \ \ \ \
 \\/  ___)| |_)| | | | | || (_| |  ) ) ) )
  '  |____| .__|_| |_|_| |_\__, | / / / /
 =========|_|==============|___/=/_/_/_/

 :: Spring Boot ::                (v3.4.5)

2026-05-15T22:45:06.512+08:00  INFO 49680 --- [codingx-backend] [           main] com.codingx.CodingXApplication           : Starting CodingXApplication using Java 21.0.8 with PID 49680 (D:\code\CodingX\backend\target\classes started by x in D:\code\CodingX\backend)
2026-05-15T22:45:06.514+08:00  INFO 49680 --- [codingx-backend] [           main] com.codingx.CodingXApplication           : No active profile set, falling back to 1 default profile: "default"
2026-05-15T22:45:08.192+08:00  INFO 49680 --- [codingx-backend] [           main] .s.d.r.c.RepositoryConfigurationDelegate : Multiple Spring Data modules found, entering strict repository configuration mode
2026-05-15T22:45:08.195+08:00  INFO 49680 --- [codingx-backend] [           main] .s.d.r.c.RepositoryConfigurationDelegate : Bootstrapping Spring Data Redis repositories in DEFAULT mode.
2026-05-15T22:45:08.271+08:00  INFO 49680 --- [codingx-backend] [           main] .s.d.r.c.RepositoryConfigurationDelegate : Finished Spring Data repository scanning in 58 ms. Found 0 Redis repository interfaces.
2026-05-15T22:45:09.337+08:00  INFO 49680 --- [codingx-backend] [           main] o.s.b.w.embedded.tomcat.TomcatWebServer  : Tomcat initialized with port 5001 (http)
2026-05-15T22:45:09.357+08:00  INFO 49680 --- [codingx-backend] [           main] o.apache.catalina.core.StandardService   : Starting service [Tomcat]
2026-05-15T22:45:09.358+08:00  INFO 49680 --- [codingx-backend] [           main] o.apache.catalina.core.StandardEngine    : Starting Servlet engine: [Apache Tomcat/10.1.40]
2026-05-15T22:45:09.408+08:00  INFO 49680 --- [codingx-backend] [           main] o.a.c.c.C.[Tomcat].[localhost].[/]       : Initializing Spring embedded WebApplicationContext
2026-05-15T22:45:09.409+08:00  INFO 49680 --- [codingx-backend] [           main] w.s.c.ServletWebServerApplicationContext : Root WebApplicationContext: initialization completed in 2831 ms
Logging initialized using 'class org.apache.ibatis.logging.stdout.StdOutImpl' adapter.
Use localhost address 
Get DESKTOP-CVA23VG/26.92.235.156 network interface 
Get network interface info: name:ethernet_32779 (Famatech Radmin VPN Ethernet Adapter)
Initialization Sequence datacenterId:2 workerId:23
 _ _   |_  _ _|_. ___ _ |    _ 
| | |\/|_)(_| | |_\  |_)||_|_\ 
     /               |         
                        3.5.10 
____ ____    ___ ____ _  _ ____ _  _ 
[__  |__| __  |  |  | |_/  |___ |\ | 
___] |  |     |  |__| | \_ |___ | \| 
https://sa-token.cc (v1.45.0)
2026-05-15T22:45:12.200+08:00  INFO 49680 --- [codingx-backend] [           main] o.s.b.a.e.web.EndpointLinksResolver      : Exposing 1 endpoint beneath base path '/actuator'
2026-05-15T22:45:12.275+08:00  INFO 49680 --- [codingx-backend] [           main] o.s.b.w.embedded.tomcat.TomcatWebServer  : Tomcat started on port 5001 (http) with context path '/'
2026-05-15T22:45:12.288+08:00  INFO 49680 --- [codingx-backend] [           main] com.codingx.CodingXApplication           : Started CodingXApplication in 6.192 seconds (process running for 6.458)
[INFO] ------------------------------------------------------------------------
[INFO] BUILD FAILURE
[INFO] ------------------------------------------------------------------------
[INFO] Total time:  01:05 min
[INFO] Finished at: 2026-05-15T22:46:02+08:00
[INFO] ------------------------------------------------------------------------
[ERROR] Failed to execute goal org.springframework.boot:spring-boot-maven-plugin:3.4.5:run (default-cli) on project codingx-backend: Process terminated with exit code: -1 -> [Help 1]
[ERROR] 
[ERROR] To see the full stack trace of the errors, re-run Maven with the -e switch.
[ERROR] Re-run Maven using the -X switch to enable full debug logging.
[ERROR] 
[ERROR] For more information about the errors and possible solutions, please read the following articles:
[ERROR] [Help 1] http://cwiki.apache.org/confluence/display/MAVEN/MojoExecutionException
